// Jest Snapshot v1, https://goo.gl/fbAQLP

exports[`index renders button 1`] = `
<button
  className="c-jjZzQc"
>
  Test Button
</button>
`;
