// Jest Snapshot v1, https://goo.gl/fbAQLP

exports[`index renders button 1`] = `
<button
  className="c-kexgoD c-kexgoD-dRTyXt-color-light"
>
  Test Button
</button>
`;
