// Jest Snapshot v1, https://goo.gl/fbAQLP

exports[`test ConnectButton renders ConnectButton 1`] = `
<button
  className="c-gJLZyQ c-gJLZyQ-hvqSqD-color-light"
  onClick={[Function]}
>
  Connect Wallet
</button>
`;
